/react-with-gulp-babel-and-browserify/ /blog/2016-05-06-react-with-gulp-babel-and-browserify/;
/mysql-workbench-safe-mode/ /blog/2024-03-26-mysql-workbench-safe-mode/;
/docker-run-internal-container-command/ /blog/2022-10-12-docker-run-internal-container-command/;
/as-general-rule-when-programming/ /blog/2016-01-21-as-general-rule-when-programming/;
/scss-mixin-for-media-queries/ /blog/2019-05-14-scss-mixin-for-media-queries/;
/next-version/ /blog/2019-05-27-next-version/;
/human-readable-code/ /blog/2016-08-30-human-readable-code/;
/script-to-close-a-port-of-macos/ /blog/2018-10-16-script-to-close-a-port-of-macos/;
/i-am-learning-to-love-vi/ /blog/2016-01-12-i-am-learning-to-love-vi/;
/prisma-mysql-max_prepared_stmt_count/ /blog/2024-04-23-prisma-mysql-max_prepared_stmt_count/;
/css3-columns/ /blog/2016-03-03-css3-columns/;
/cherry-pick-with-git/ /blog/2016-06-30-cherry-pick-with-git/;
/get-the-full-query-from-mysql-process-list/ /blog/2024-04-30-get-the-full-query-from-mysql-process-list/;
/folding-the-dom/ /blog/2019-05-22-folding-the-dom/;
/mysql-left-join-first-row/ /blog/2023-11-30-mysql-left-join-first-row/;
/promises-versus-callbacks/ /blog/2015-06-30-promises-versus-callbacks/;
/giving-a-presentation-with-git-commits/ /blog/2017-01-31-giving-a-presentation-with-git-commits/;
/step-by-step-install-of-graphite-with-carbon-and-statsd-on-centos-7-1-x/ /blog/2015-12-09-step-by-step-install-of-graphite-with-carbon-and-statsd-on-centos-7-1-x/;
/how-to-make-git-ignore-future-changes-to-a-committed-file/ /blog/2019-05-15-how-to-make-git-ignore-future-changes-to-a-committed-file/;
/web-developer-job-applicants-heres-some-pro-tips/ /blog/2016-04-15-web-developer-job-applicants-heres-some-pro-tips/;
/modifying-a-commits-file/ /blog/2024-04-12-modifying-a-commits-file/;
/how-to-make-macos-remember-my-ssh-password/ /blog/2017-03-17-how-to-make-macos-remember-my-ssh-password/;
/image-generator-module/ /blog/2019-09-25-image-generator-module/;
/github-action-passing-a-slack-message-id-between-jobs/ /blog/2022-10-19-github-action-passing-a-slack-message-id-between-jobs/;
/arduino-state-machine/ /blog/2016-11-30-arduino-state-machine/;
/redis-stream-activity-feed/ /blog/2022-10-29-redis-stream-activity-feed/;
/changing-the-origin-of-your-branch/ /blog/2022-11-30-changing-the-origin-of-your-branch/;
/how-to-configure-nginx-to-load-balance-between-multiple-docker-containers/ /blog/2019-05-29-how-to-configure-nginx-to-load-balance-between-multiple-docker-containers/;
/playing-with-html-2d-canvas/ /blog/2019-05-09-playing-with-html-2d-canvas/;
/ping-redis-without-curl-or-nc/ /blog/2018-03-05-ping-redis-without-curl-or-nc/;
/mysql-prisma-and-views/ /blog/2024-04-24-mysql-prisma-and-views/;
/whats-my-ip-address/ /blog/2016-10-11-whats-my-ip-address/;
/what-is-devops/ /blog/2014-12-03-what-is-devops/;
/get-a-bash-scripts-absolute-path/ /blog/2022-10-11-get-a-bash-scripts-absolute-path/;
/the-power-of-statistics/ /blog/2015-11-30-the-power-of-statistics/;
/svg-donut-charts/ /blog/2017-02-07-svg-donut-charts/;
/from-rest-to-graphql/ /blog/2019-08-26-from-rest-to-graphql/;
/from-rest-to-graphql-part-1/ /blog/2019-09-02-from-rest-to-graphql-part-1/;
/playing-with-css-grid/ /blog/2017-04-27-playing-with-css-grid/;
/github-actions-reusable-workflows/ /blog/2024-04-04-github-actions-reusable-workflows/;
/css3-nth-last-of-child-demo/ /blog/2014-09-05-css3-nth-last-of-child-demo/;
/helpful-docker-scripts/ /blog/2017-02-13-helpful-docker-scripts/;
/vitest-typescript-paths/ /blog/2024-04-15-vitest-typescript-paths/;
/some-thoughts-on-setting-up-a-workflow/ /blog/2016-02-29-some-thoughts-on-setting-up-a-workflow/;
/testing-middleware/ /blog/2015-05-25-testing-middleware/;
/nginx-location-rewrite/ /blog/2015-11-20-nginx-location-rewrite/;
/how-to-modify-a-doubleclick-advertisement/ /blog/2016-03-04-how-to-modify-a-doubleclick-advertisement/;
/building-a-hexagon-game-board/ /blog/2019-10-13-building-a-hexagon-game-board/;
/band-of-brothers-inspired-layout/ /blog/2014-11-08-band-of-brothers-inspired-layout/;
/high-availability-redis-session-with-express/ /blog/2017-08-25-high-availability-redis-session-with-express/;
/how-to-get-gitlab-runner-to-push-a-git-tag/ /blog/2019-06-14-how-to-get-gitlab-runner-to-push-a-git-tag/;
